mkdir kernel/.libs
mkdir .libs
 gcc -I. -I/Users/lotti/repos/sogei/safe-service-wrappers-zephir/ext -I/Users/lotti/repos/sogei/safe-service-wrappers-zephir/ext/include -I/Users/lotti/repos/sogei/safe-service-wrappers-zephir/ext/main -I/Users/lotti/repos/sogei/safe-service-wrappers-zephir/ext -I/opt/homebrew/Cellar/php@8.3/8.3.19_1/include/php -I/opt/homebrew/Cellar/php@8.3/8.3.19_1/include/php/main -I/opt/homebrew/Cellar/php@8.3/8.3.19_1/include/php/TSRM -I/opt/homebrew/Cellar/php@8.3/8.3.19_1/include/php/Zend -I/opt/homebrew/Cellar/php@8.3/8.3.19_1/include/php/ext -I/opt/homebrew/Cellar/php@8.3/8.3.19_1/include/php/ext/date/lib -I/opt/homebrew/opt/php@8.3/include -DHAVE_CONFIG_H -O2 -fvisibility=hidden -Wparentheses -flto -DZEPHIR_RELEASE=1 -D_GNU_SOURCE -DZEND_COMPILE_DL_EXT=1 -c /Users/lotti/repos/sogei/safe-service-wrappers-zephir/ext/kernel/main.c -MMD -MF kernel/main.dep -MT kernel/main.lo  -fno-common -DPIC -o kernel/.libs/main.o
 gcc -I. -I/Users/lotti/repos/sogei/safe-service-wrappers-zephir/ext -I/Users/lotti/repos/sogei/safe-service-wrappers-zephir/ext/include -I/Users/lotti/repos/sogei/safe-service-wrappers-zephir/ext/main -I/Users/lotti/repos/sogei/safe-service-wrappers-zephir/ext -I/opt/homebrew/Cellar/php@8.3/8.3.19_1/include/php -I/opt/homebrew/Cellar/php@8.3/8.3.19_1/include/php/main -I/opt/homebrew/Cellar/php@8.3/8.3.19_1/include/php/TSRM -I/opt/homebrew/Cellar/php@8.3/8.3.19_1/include/php/Zend -I/opt/homebrew/Cellar/php@8.3/8.3.19_1/include/php/ext -I/opt/homebrew/Cellar/php@8.3/8.3.19_1/include/php/ext/date/lib -I/opt/homebrew/opt/php@8.3/include -DHAVE_CONFIG_H -O2 -fvisibility=hidden -Wparentheses -flto -DZEPHIR_RELEASE=1 -D_GNU_SOURCE -DZEND_COMPILE_DL_EXT=1 -c /Users/lotti/repos/sogei/safe-service-wrappers-zephir/ext/safeservicewrapper.c -MMD -MF safeservicewrapper.dep -MT safeservicewrapper.lo  -fno-common -DPIC -o .libs/safeservicewrapper.o
 gcc -I. -I/Users/lotti/repos/sogei/safe-service-wrappers-zephir/ext -I/Users/lotti/repos/sogei/safe-service-wrappers-zephir/ext/include -I/Users/lotti/repos/sogei/safe-service-wrappers-zephir/ext/main -I/Users/lotti/repos/sogei/safe-service-wrappers-zephir/ext -I/opt/homebrew/Cellar/php@8.3/8.3.19_1/include/php -I/opt/homebrew/Cellar/php@8.3/8.3.19_1/include/php/main -I/opt/homebrew/Cellar/php@8.3/8.3.19_1/include/php/TSRM -I/opt/homebrew/Cellar/php@8.3/8.3.19_1/include/php/Zend -I/opt/homebrew/Cellar/php@8.3/8.3.19_1/include/php/ext -I/opt/homebrew/Cellar/php@8.3/8.3.19_1/include/php/ext/date/lib -I/opt/homebrew/opt/php@8.3/include -DHAVE_CONFIG_H -O2 -fvisibility=hidden -Wparentheses -flto -DZEPHIR_RELEASE=1 -D_GNU_SOURCE -DZEND_COMPILE_DL_EXT=1 -c /Users/lotti/repos/sogei/safe-service-wrappers-zephir/ext/kernel/memory.c -MMD -MF kernel/memory.dep -MT kernel/memory.lo  -fno-common -DPIC -o kernel/.libs/memory.o
 gcc -I. -I/Users/lotti/repos/sogei/safe-service-wrappers-zephir/ext -I/Users/lotti/repos/sogei/safe-service-wrappers-zephir/ext/include -I/Users/lotti/repos/sogei/safe-service-wrappers-zephir/ext/main -I/Users/lotti/repos/sogei/safe-service-wrappers-zephir/ext -I/opt/homebrew/Cellar/php@8.3/8.3.19_1/include/php -I/opt/homebrew/Cellar/php@8.3/8.3.19_1/include/php/main -I/opt/homebrew/Cellar/php@8.3/8.3.19_1/include/php/TSRM -I/opt/homebrew/Cellar/php@8.3/8.3.19_1/include/php/Zend -I/opt/homebrew/Cellar/php@8.3/8.3.19_1/include/php/ext -I/opt/homebrew/Cellar/php@8.3/8.3.19_1/include/php/ext/date/lib -I/opt/homebrew/opt/php@8.3/include -DHAVE_CONFIG_H -O2 -fvisibility=hidden -Wparentheses -flto -DZEPHIR_RELEASE=1 -D_GNU_SOURCE -DZEND_COMPILE_DL_EXT=1 -c /Users/lotti/repos/sogei/safe-service-wrappers-zephir/ext/kernel/exception.c -MMD -MF kernel/exception.dep -MT kernel/exception.lo  -fno-common -DPIC -o kernel/.libs/exception.o
 gcc -I. -I/Users/lotti/repos/sogei/safe-service-wrappers-zephir/ext -I/Users/lotti/repos/sogei/safe-service-wrappers-zephir/ext/include -I/Users/lotti/repos/sogei/safe-service-wrappers-zephir/ext/main -I/Users/lotti/repos/sogei/safe-service-wrappers-zephir/ext -I/opt/homebrew/Cellar/php@8.3/8.3.19_1/include/php -I/opt/homebrew/Cellar/php@8.3/8.3.19_1/include/php/main -I/opt/homebrew/Cellar/php@8.3/8.3.19_1/include/php/TSRM -I/opt/homebrew/Cellar/php@8.3/8.3.19_1/include/php/Zend -I/opt/homebrew/Cellar/php@8.3/8.3.19_1/include/php/ext -I/opt/homebrew/Cellar/php@8.3/8.3.19_1/include/php/ext/date/lib -I/opt/homebrew/opt/php@8.3/include -DHAVE_CONFIG_H -O2 -fvisibility=hidden -Wparentheses -flto -DZEPHIR_RELEASE=1 -D_GNU_SOURCE -DZEND_COMPILE_DL_EXT=1 -c /Users/lotti/repos/sogei/safe-service-wrappers-zephir/ext/kernel/debug.c -MMD -MF kernel/debug.dep -MT kernel/debug.lo  -fno-common -DPIC -o kernel/.libs/debug.o
 gcc -I. -I/Users/lotti/repos/sogei/safe-service-wrappers-zephir/ext -I/Users/lotti/repos/sogei/safe-service-wrappers-zephir/ext/include -I/Users/lotti/repos/sogei/safe-service-wrappers-zephir/ext/main -I/Users/lotti/repos/sogei/safe-service-wrappers-zephir/ext -I/opt/homebrew/Cellar/php@8.3/8.3.19_1/include/php -I/opt/homebrew/Cellar/php@8.3/8.3.19_1/include/php/main -I/opt/homebrew/Cellar/php@8.3/8.3.19_1/include/php/TSRM -I/opt/homebrew/Cellar/php@8.3/8.3.19_1/include/php/Zend -I/opt/homebrew/Cellar/php@8.3/8.3.19_1/include/php/ext -I/opt/homebrew/Cellar/php@8.3/8.3.19_1/include/php/ext/date/lib -I/opt/homebrew/opt/php@8.3/include -DHAVE_CONFIG_H -O2 -fvisibility=hidden -Wparentheses -flto -DZEPHIR_RELEASE=1 -D_GNU_SOURCE -DZEND_COMPILE_DL_EXT=1 -c /Users/lotti/repos/sogei/safe-service-wrappers-zephir/ext/kernel/backtrace.c -MMD -MF kernel/backtrace.dep -MT kernel/backtrace.lo  -fno-common -DPIC -o kernel/.libs/backtrace.o
 gcc -I. -I/Users/lotti/repos/sogei/safe-service-wrappers-zephir/ext -I/Users/lotti/repos/sogei/safe-service-wrappers-zephir/ext/include -I/Users/lotti/repos/sogei/safe-service-wrappers-zephir/ext/main -I/Users/lotti/repos/sogei/safe-service-wrappers-zephir/ext -I/opt/homebrew/Cellar/php@8.3/8.3.19_1/include/php -I/opt/homebrew/Cellar/php@8.3/8.3.19_1/include/php/main -I/opt/homebrew/Cellar/php@8.3/8.3.19_1/include/php/TSRM -I/opt/homebrew/Cellar/php@8.3/8.3.19_1/include/php/Zend -I/opt/homebrew/Cellar/php@8.3/8.3.19_1/include/php/ext -I/opt/homebrew/Cellar/php@8.3/8.3.19_1/include/php/ext/date/lib -I/opt/homebrew/opt/php@8.3/include -DHAVE_CONFIG_H -O2 -fvisibility=hidden -Wparentheses -flto -DZEPHIR_RELEASE=1 -D_GNU_SOURCE -DZEND_COMPILE_DL_EXT=1 -c /Users/lotti/repos/sogei/safe-service-wrappers-zephir/ext/kernel/object.c -MMD -MF kernel/object.dep -MT kernel/object.lo  -fno-common -DPIC -o kernel/.libs/object.o
 gcc -I. -I/Users/lotti/repos/sogei/safe-service-wrappers-zephir/ext -I/Users/lotti/repos/sogei/safe-service-wrappers-zephir/ext/include -I/Users/lotti/repos/sogei/safe-service-wrappers-zephir/ext/main -I/Users/lotti/repos/sogei/safe-service-wrappers-zephir/ext -I/opt/homebrew/Cellar/php@8.3/8.3.19_1/include/php -I/opt/homebrew/Cellar/php@8.3/8.3.19_1/include/php/main -I/opt/homebrew/Cellar/php@8.3/8.3.19_1/include/php/TSRM -I/opt/homebrew/Cellar/php@8.3/8.3.19_1/include/php/Zend -I/opt/homebrew/Cellar/php@8.3/8.3.19_1/include/php/ext -I/opt/homebrew/Cellar/php@8.3/8.3.19_1/include/php/ext/date/lib -I/opt/homebrew/opt/php@8.3/include -DHAVE_CONFIG_H -O2 -fvisibility=hidden -Wparentheses -flto -DZEPHIR_RELEASE=1 -D_GNU_SOURCE -DZEND_COMPILE_DL_EXT=1 -c /Users/lotti/repos/sogei/safe-service-wrappers-zephir/ext/kernel/array.c -MMD -MF kernel/array.dep -MT kernel/array.lo  -fno-common -DPIC -o kernel/.libs/array.o
 gcc -I. -I/Users/lotti/repos/sogei/safe-service-wrappers-zephir/ext -I/Users/lotti/repos/sogei/safe-service-wrappers-zephir/ext/include -I/Users/lotti/repos/sogei/safe-service-wrappers-zephir/ext/main -I/Users/lotti/repos/sogei/safe-service-wrappers-zephir/ext -I/opt/homebrew/Cellar/php@8.3/8.3.19_1/include/php -I/opt/homebrew/Cellar/php@8.3/8.3.19_1/include/php/main -I/opt/homebrew/Cellar/php@8.3/8.3.19_1/include/php/TSRM -I/opt/homebrew/Cellar/php@8.3/8.3.19_1/include/php/Zend -I/opt/homebrew/Cellar/php@8.3/8.3.19_1/include/php/ext -I/opt/homebrew/Cellar/php@8.3/8.3.19_1/include/php/ext/date/lib -I/opt/homebrew/opt/php@8.3/include -DHAVE_CONFIG_H -O2 -fvisibility=hidden -Wparentheses -flto -DZEPHIR_RELEASE=1 -D_GNU_SOURCE -DZEND_COMPILE_DL_EXT=1 -c /Users/lotti/repos/sogei/safe-service-wrappers-zephir/ext/kernel/string.c -MMD -MF kernel/string.dep -MT kernel/string.lo  -fno-common -DPIC -o kernel/.libs/string.o
 gcc -I. -I/Users/lotti/repos/sogei/safe-service-wrappers-zephir/ext -I/Users/lotti/repos/sogei/safe-service-wrappers-zephir/ext/include -I/Users/lotti/repos/sogei/safe-service-wrappers-zephir/ext/main -I/Users/lotti/repos/sogei/safe-service-wrappers-zephir/ext -I/opt/homebrew/Cellar/php@8.3/8.3.19_1/include/php -I/opt/homebrew/Cellar/php@8.3/8.3.19_1/include/php/main -I/opt/homebrew/Cellar/php@8.3/8.3.19_1/include/php/TSRM -I/opt/homebrew/Cellar/php@8.3/8.3.19_1/include/php/Zend -I/opt/homebrew/Cellar/php@8.3/8.3.19_1/include/php/ext -I/opt/homebrew/Cellar/php@8.3/8.3.19_1/include/php/ext/date/lib -I/opt/homebrew/opt/php@8.3/include -DHAVE_CONFIG_H -O2 -fvisibility=hidden -Wparentheses -flto -DZEPHIR_RELEASE=1 -D_GNU_SOURCE -DZEND_COMPILE_DL_EXT=1 -c /Users/lotti/repos/sogei/safe-service-wrappers-zephir/ext/kernel/fcall.c -MMD -MF kernel/fcall.dep -MT kernel/fcall.lo  -fno-common -DPIC -o kernel/.libs/fcall.o
 gcc -I. -I/Users/lotti/repos/sogei/safe-service-wrappers-zephir/ext -I/Users/lotti/repos/sogei/safe-service-wrappers-zephir/ext/include -I/Users/lotti/repos/sogei/safe-service-wrappers-zephir/ext/main -I/Users/lotti/repos/sogei/safe-service-wrappers-zephir/ext -I/opt/homebrew/Cellar/php@8.3/8.3.19_1/include/php -I/opt/homebrew/Cellar/php@8.3/8.3.19_1/include/php/main -I/opt/homebrew/Cellar/php@8.3/8.3.19_1/include/php/TSRM -I/opt/homebrew/Cellar/php@8.3/8.3.19_1/include/php/Zend -I/opt/homebrew/Cellar/php@8.3/8.3.19_1/include/php/ext -I/opt/homebrew/Cellar/php@8.3/8.3.19_1/include/php/ext/date/lib -I/opt/homebrew/opt/php@8.3/include -DHAVE_CONFIG_H -O2 -fvisibility=hidden -Wparentheses -flto -DZEPHIR_RELEASE=1 -D_GNU_SOURCE -DZEND_COMPILE_DL_EXT=1 -c /Users/lotti/repos/sogei/safe-service-wrappers-zephir/ext/kernel/require.c -MMD -MF kernel/require.dep -MT kernel/require.lo  -fno-common -DPIC -o kernel/.libs/require.o
 gcc -I. -I/Users/lotti/repos/sogei/safe-service-wrappers-zephir/ext -I/Users/lotti/repos/sogei/safe-service-wrappers-zephir/ext/include -I/Users/lotti/repos/sogei/safe-service-wrappers-zephir/ext/main -I/Users/lotti/repos/sogei/safe-service-wrappers-zephir/ext -I/opt/homebrew/Cellar/php@8.3/8.3.19_1/include/php -I/opt/homebrew/Cellar/php@8.3/8.3.19_1/include/php/main -I/opt/homebrew/Cellar/php@8.3/8.3.19_1/include/php/TSRM -I/opt/homebrew/Cellar/php@8.3/8.3.19_1/include/php/Zend -I/opt/homebrew/Cellar/php@8.3/8.3.19_1/include/php/ext -I/opt/homebrew/Cellar/php@8.3/8.3.19_1/include/php/ext/date/lib -I/opt/homebrew/opt/php@8.3/include -DHAVE_CONFIG_H -O2 -fvisibility=hidden -Wparentheses -flto -DZEPHIR_RELEASE=1 -D_GNU_SOURCE -DZEND_COMPILE_DL_EXT=1 -c /Users/lotti/repos/sogei/safe-service-wrappers-zephir/ext/kernel/file.c -MMD -MF kernel/file.dep -MT kernel/file.lo  -fno-common -DPIC -o kernel/.libs/file.o
 gcc -I. -I/Users/lotti/repos/sogei/safe-service-wrappers-zephir/ext -I/Users/lotti/repos/sogei/safe-service-wrappers-zephir/ext/include -I/Users/lotti/repos/sogei/safe-service-wrappers-zephir/ext/main -I/Users/lotti/repos/sogei/safe-service-wrappers-zephir/ext -I/opt/homebrew/Cellar/php@8.3/8.3.19_1/include/php -I/opt/homebrew/Cellar/php@8.3/8.3.19_1/include/php/main -I/opt/homebrew/Cellar/php@8.3/8.3.19_1/include/php/TSRM -I/opt/homebrew/Cellar/php@8.3/8.3.19_1/include/php/Zend -I/opt/homebrew/Cellar/php@8.3/8.3.19_1/include/php/ext -I/opt/homebrew/Cellar/php@8.3/8.3.19_1/include/php/ext/date/lib -I/opt/homebrew/opt/php@8.3/include -DHAVE_CONFIG_H -O2 -fvisibility=hidden -Wparentheses -flto -DZEPHIR_RELEASE=1 -D_GNU_SOURCE -DZEND_COMPILE_DL_EXT=1 -c /Users/lotti/repos/sogei/safe-service-wrappers-zephir/ext/kernel/operators.c -MMD -MF kernel/operators.dep -MT kernel/operators.lo  -fno-common -DPIC -o kernel/.libs/operators.o
 gcc -I. -I/Users/lotti/repos/sogei/safe-service-wrappers-zephir/ext -I/Users/lotti/repos/sogei/safe-service-wrappers-zephir/ext/include -I/Users/lotti/repos/sogei/safe-service-wrappers-zephir/ext/main -I/Users/lotti/repos/sogei/safe-service-wrappers-zephir/ext -I/opt/homebrew/Cellar/php@8.3/8.3.19_1/include/php -I/opt/homebrew/Cellar/php@8.3/8.3.19_1/include/php/main -I/opt/homebrew/Cellar/php@8.3/8.3.19_1/include/php/TSRM -I/opt/homebrew/Cellar/php@8.3/8.3.19_1/include/php/Zend -I/opt/homebrew/Cellar/php@8.3/8.3.19_1/include/php/ext -I/opt/homebrew/Cellar/php@8.3/8.3.19_1/include/php/ext/date/lib -I/opt/homebrew/opt/php@8.3/include -DHAVE_CONFIG_H -O2 -fvisibility=hidden -Wparentheses -flto -DZEPHIR_RELEASE=1 -D_GNU_SOURCE -DZEND_COMPILE_DL_EXT=1 -c /Users/lotti/repos/sogei/safe-service-wrappers-zephir/ext/kernel/math.c -MMD -MF kernel/math.dep -MT kernel/math.lo  -fno-common -DPIC -o kernel/.libs/math.o
 gcc -I. -I/Users/lotti/repos/sogei/safe-service-wrappers-zephir/ext -I/Users/lotti/repos/sogei/safe-service-wrappers-zephir/ext/include -I/Users/lotti/repos/sogei/safe-service-wrappers-zephir/ext/main -I/Users/lotti/repos/sogei/safe-service-wrappers-zephir/ext -I/opt/homebrew/Cellar/php@8.3/8.3.19_1/include/php -I/opt/homebrew/Cellar/php@8.3/8.3.19_1/include/php/main -I/opt/homebrew/Cellar/php@8.3/8.3.19_1/include/php/TSRM -I/opt/homebrew/Cellar/php@8.3/8.3.19_1/include/php/Zend -I/opt/homebrew/Cellar/php@8.3/8.3.19_1/include/php/ext -I/opt/homebrew/Cellar/php@8.3/8.3.19_1/include/php/ext/date/lib -I/opt/homebrew/opt/php@8.3/include -DHAVE_CONFIG_H -O2 -fvisibility=hidden -Wparentheses -flto -DZEPHIR_RELEASE=1 -D_GNU_SOURCE -DZEND_COMPILE_DL_EXT=1 -c /Users/lotti/repos/sogei/safe-service-wrappers-zephir/ext/kernel/concat.c -MMD -MF kernel/concat.dep -MT kernel/concat.lo  -fno-common -DPIC -o kernel/.libs/concat.o
 gcc -I. -I/Users/lotti/repos/sogei/safe-service-wrappers-zephir/ext -I/Users/lotti/repos/sogei/safe-service-wrappers-zephir/ext/include -I/Users/lotti/repos/sogei/safe-service-wrappers-zephir/ext/main -I/Users/lotti/repos/sogei/safe-service-wrappers-zephir/ext -I/opt/homebrew/Cellar/php@8.3/8.3.19_1/include/php -I/opt/homebrew/Cellar/php@8.3/8.3.19_1/include/php/main -I/opt/homebrew/Cellar/php@8.3/8.3.19_1/include/php/TSRM -I/opt/homebrew/Cellar/php@8.3/8.3.19_1/include/php/Zend -I/opt/homebrew/Cellar/php@8.3/8.3.19_1/include/php/ext -I/opt/homebrew/Cellar/php@8.3/8.3.19_1/include/php/ext/date/lib -I/opt/homebrew/opt/php@8.3/include -DHAVE_CONFIG_H -O2 -fvisibility=hidden -Wparentheses -flto -DZEPHIR_RELEASE=1 -D_GNU_SOURCE -DZEND_COMPILE_DL_EXT=1 -c /Users/lotti/repos/sogei/safe-service-wrappers-zephir/ext/kernel/variables.c -MMD -MF kernel/variables.dep -MT kernel/variables.lo  -fno-common -DPIC -o kernel/.libs/variables.o
 gcc -I. -I/Users/lotti/repos/sogei/safe-service-wrappers-zephir/ext -I/Users/lotti/repos/sogei/safe-service-wrappers-zephir/ext/include -I/Users/lotti/repos/sogei/safe-service-wrappers-zephir/ext/main -I/Users/lotti/repos/sogei/safe-service-wrappers-zephir/ext -I/opt/homebrew/Cellar/php@8.3/8.3.19_1/include/php -I/opt/homebrew/Cellar/php@8.3/8.3.19_1/include/php/main -I/opt/homebrew/Cellar/php@8.3/8.3.19_1/include/php/TSRM -I/opt/homebrew/Cellar/php@8.3/8.3.19_1/include/php/Zend -I/opt/homebrew/Cellar/php@8.3/8.3.19_1/include/php/ext -I/opt/homebrew/Cellar/php@8.3/8.3.19_1/include/php/ext/date/lib -I/opt/homebrew/opt/php@8.3/include -DHAVE_CONFIG_H -O2 -fvisibility=hidden -Wparentheses -flto -DZEPHIR_RELEASE=1 -D_GNU_SOURCE -DZEND_COMPILE_DL_EXT=1 -c /Users/lotti/repos/sogei/safe-service-wrappers-zephir/ext/kernel/filter.c -MMD -MF kernel/filter.dep -MT kernel/filter.lo  -fno-common -DPIC -o kernel/.libs/filter.o
 gcc -I. -I/Users/lotti/repos/sogei/safe-service-wrappers-zephir/ext -I/Users/lotti/repos/sogei/safe-service-wrappers-zephir/ext/include -I/Users/lotti/repos/sogei/safe-service-wrappers-zephir/ext/main -I/Users/lotti/repos/sogei/safe-service-wrappers-zephir/ext -I/opt/homebrew/Cellar/php@8.3/8.3.19_1/include/php -I/opt/homebrew/Cellar/php@8.3/8.3.19_1/include/php/main -I/opt/homebrew/Cellar/php@8.3/8.3.19_1/include/php/TSRM -I/opt/homebrew/Cellar/php@8.3/8.3.19_1/include/php/Zend -I/opt/homebrew/Cellar/php@8.3/8.3.19_1/include/php/ext -I/opt/homebrew/Cellar/php@8.3/8.3.19_1/include/php/ext/date/lib -I/opt/homebrew/opt/php@8.3/include -DHAVE_CONFIG_H -O2 -fvisibility=hidden -Wparentheses -flto -DZEPHIR_RELEASE=1 -D_GNU_SOURCE -DZEND_COMPILE_DL_EXT=1 -c /Users/lotti/repos/sogei/safe-service-wrappers-zephir/ext/kernel/iterator.c -MMD -MF kernel/iterator.dep -MT kernel/iterator.lo  -fno-common -DPIC -o kernel/.libs/iterator.o
 gcc -I. -I/Users/lotti/repos/sogei/safe-service-wrappers-zephir/ext -I/Users/lotti/repos/sogei/safe-service-wrappers-zephir/ext/include -I/Users/lotti/repos/sogei/safe-service-wrappers-zephir/ext/main -I/Users/lotti/repos/sogei/safe-service-wrappers-zephir/ext -I/opt/homebrew/Cellar/php@8.3/8.3.19_1/include/php -I/opt/homebrew/Cellar/php@8.3/8.3.19_1/include/php/main -I/opt/homebrew/Cellar/php@8.3/8.3.19_1/include/php/TSRM -I/opt/homebrew/Cellar/php@8.3/8.3.19_1/include/php/Zend -I/opt/homebrew/Cellar/php@8.3/8.3.19_1/include/php/ext -I/opt/homebrew/Cellar/php@8.3/8.3.19_1/include/php/ext/date/lib -I/opt/homebrew/opt/php@8.3/include -DHAVE_CONFIG_H -O2 -fvisibility=hidden -Wparentheses -flto -DZEPHIR_RELEASE=1 -D_GNU_SOURCE -DZEND_COMPILE_DL_EXT=1 -c /Users/lotti/repos/sogei/safe-service-wrappers-zephir/ext/kernel/time.c -MMD -MF kernel/time.dep -MT kernel/time.lo  -fno-common -DPIC -o kernel/.libs/time.o
 gcc -I. -I/Users/lotti/repos/sogei/safe-service-wrappers-zephir/ext -I/Users/lotti/repos/sogei/safe-service-wrappers-zephir/ext/include -I/Users/lotti/repos/sogei/safe-service-wrappers-zephir/ext/main -I/Users/lotti/repos/sogei/safe-service-wrappers-zephir/ext -I/opt/homebrew/Cellar/php@8.3/8.3.19_1/include/php -I/opt/homebrew/Cellar/php@8.3/8.3.19_1/include/php/main -I/opt/homebrew/Cellar/php@8.3/8.3.19_1/include/php/TSRM -I/opt/homebrew/Cellar/php@8.3/8.3.19_1/include/php/Zend -I/opt/homebrew/Cellar/php@8.3/8.3.19_1/include/php/ext -I/opt/homebrew/Cellar/php@8.3/8.3.19_1/include/php/ext/date/lib -I/opt/homebrew/opt/php@8.3/include -DHAVE_CONFIG_H -O2 -fvisibility=hidden -Wparentheses -flto -DZEPHIR_RELEASE=1 -D_GNU_SOURCE -DZEND_COMPILE_DL_EXT=1 -c /Users/lotti/repos/sogei/safe-service-wrappers-zephir/ext/kernel/exit.c -MMD -MF kernel/exit.dep -MT kernel/exit.lo  -fno-common -DPIC -o kernel/.libs/exit.o
mkdir safeservicewrapper/.libs
 gcc -I. -I/Users/lotti/repos/sogei/safe-service-wrappers-zephir/ext -I/Users/lotti/repos/sogei/safe-service-wrappers-zephir/ext/include -I/Users/lotti/repos/sogei/safe-service-wrappers-zephir/ext/main -I/Users/lotti/repos/sogei/safe-service-wrappers-zephir/ext -I/opt/homebrew/Cellar/php@8.3/8.3.19_1/include/php -I/opt/homebrew/Cellar/php@8.3/8.3.19_1/include/php/main -I/opt/homebrew/Cellar/php@8.3/8.3.19_1/include/php/TSRM -I/opt/homebrew/Cellar/php@8.3/8.3.19_1/include/php/Zend -I/opt/homebrew/Cellar/php@8.3/8.3.19_1/include/php/ext -I/opt/homebrew/Cellar/php@8.3/8.3.19_1/include/php/ext/date/lib -I/opt/homebrew/opt/php@8.3/include -DHAVE_CONFIG_H -O2 -fvisibility=hidden -Wparentheses -flto -DZEPHIR_RELEASE=1 -D_GNU_SOURCE -DZEND_COMPILE_DL_EXT=1 -c /Users/lotti/repos/sogei/safe-service-wrappers-zephir/ext/safeservicewrapper/helloworld.zep.c -MMD -MF safeservicewrapper/helloworld.dep -MT safeservicewrapper/helloworld.lo  -fno-common -DPIC -o safeservicewrapper/.libs/helloworld.o
gcc ${wl}-flat_namespace ${wl}-undefined ${wl}suppress -o .libs/safeservicewrapper.so -bundle  .libs/safeservicewrapper.o kernel/.libs/main.o kernel/.libs/memory.o kernel/.libs/exception.o kernel/.libs/debug.o kernel/.libs/backtrace.o kernel/.libs/object.o kernel/.libs/array.o kernel/.libs/string.o kernel/.libs/fcall.o kernel/.libs/require.o kernel/.libs/file.o kernel/.libs/operators.o kernel/.libs/math.o kernel/.libs/concat.o kernel/.libs/variables.o kernel/.libs/filter.o kernel/.libs/iterator.o kernel/.libs/time.o kernel/.libs/exit.o safeservicewrapper/.libs/helloworld.o  -L/opt/homebrew/opt/php@8.3/lib 
dsymutil .libs/safeservicewrapper.so || :
creating safeservicewrapper.la
(cd .libs && rm -f safeservicewrapper.la && ln -s ../safeservicewrapper.la safeservicewrapper.la)
cp ./.libs/safeservicewrapper.so /Users/lotti/repos/sogei/safe-service-wrappers-zephir/ext/modules/safeservicewrapper.so
cp ./.libs/safeservicewrapper.lai /Users/lotti/repos/sogei/safe-service-wrappers-zephir/ext/modules/safeservicewrapper.la
----------------------------------------------------------------------
Libraries have been installed in:
   /Users/lotti/repos/sogei/safe-service-wrappers-zephir/ext/modules

If you ever happen to want to link against installed libraries
in a given directory, LIBDIR, you must either use libtool, and
specify the full pathname of the library, or use the `-LLIBDIR'
flag during linking and do at least one of the following:
   - add LIBDIR to the `DYLD_LIBRARY_PATH' environment variable
     during execution

See any operating system documentation about shared libraries for
more information, such as the ld(1) and ld.so(8) manual pages.
----------------------------------------------------------------------

Build complete.
Don't forget to run 'make test'.


Build complete.
Don't forget to run 'make test'.

Installing shared extensions:     /opt/homebrew/Cellar/php@8.3/8.3.19_1/pecl/20230831/
Installing header files:          /opt/homebrew/Cellar/php@8.3/8.3.19_1/include/php/
